// Jest Snapshot v1, https://goo.gl/fbAQLP

exports[`<NotFound /> renders 1`] = `
<div
  className="notfoundstyle___default-st1d8u-0 hPgHOM"
>
  <p>
    Oops, Page was not found!
  </p>
</div>
`;
