// Jest Snapshot v1, https://goo.gl/fbAQLP

exports[`<Loading /> renders 1`] = `
<loadingWrapper>
  <p>
    Loading...
  </p>
</loadingWrapper>
`;
